
> gbp-pro@0.1.0 build
> next build

  Γû▓ Next.js 14.2.35
  - Environments: .env

   Creating an optimized production build ...
 Γ£ô Compiled successfully
   Linting and checking validity of types ...
   Collecting page data ...
   Generating static pages (0/23) ...
   Generating static pages (5/23) 
   Generating static pages (11/23) 
   Generating static pages (17/23) 
 Γ£ô Generating static pages (23/23)
   Finalizing page optimization ...
   Collecting build traces ...

Route (app)                              Size     First Load JS
Γöî Γùï /                                    175 B          96.1 kB
Γö£ Γùï /_not-found                          873 B          88.1 kB
Γö£ ╞Æ /api/audit                           0 B                0 B
Γö£ Γùï /api/auth/google                     0 B                0 B
Γö£ ╞Æ /api/auth/google/callback            0 B                0 B
Γö£ ╞Æ /api/auth/login                      0 B                0 B
Γö£ ╞Æ /api/auth/signup                     0 B                0 B
Γö£ ╞Æ /api/cron/publish-posts              0 B                0 B
Γö£ ╞Æ /api/cron/sync-reviews               0 B                0 B
Γö£ ╞Æ /api/posts                           0 B                0 B
Γö£ ╞Æ /api/razorpay/create-order           0 B                0 B
Γö£ ╞Æ /api/razorpay/verify-payment         0 B                0 B
Γö£ ╞Æ /api/razorpay/webhook                0 B                0 B
Γö£ ╞Æ /api/reviews                         0 B                0 B
Γö£ ╞Æ /api/reviews/[id]/generate           0 B                0 B
Γö£ Γùï /dashboard                           138 B          87.4 kB
Γö£ Γùï /dashboard/audit                     3.27 kB        99.7 kB
Γö£ Γùï /dashboard/reviews                   3.14 kB        99.6 kB
Γö£ Γùï /dashboard/scheduler                 2.85 kB        99.3 kB
Γö£ Γùï /dashboard/settings                  2.23 kB        98.7 kB
Γö£ Γùï /login                               2.86 kB         108 kB
Γöö Γùï /signup                              2.93 kB         108 kB
+ First Load JS shared by all            87.3 kB
  Γö£ chunks/117-7c21dd6c3a26a182.js       31.7 kB
  Γö£ chunks/fd9d1056-20bdc034ba54e869.js  53.6 kB
  Γöö other shared chunks (total)          1.89 kB


╞Æ Middleware                             74.2 kB

Γùï  (Static)   prerendered as static content
╞Æ  (Dynamic)  server-rendered on demand


